*****************************************************************
      SolidWorks Corporation - Compte-rendu d'état du Processeur IGES
*****************************************************************
AVERTISSEMENT: Ne peut pas lire le fichier IGES. Le fichier a été tronqué ou contient des données non-valides.                                


=================================================================
Récapitulatif des entités
=================================================================
-----------------------------------------------------------------
Nom de type                                         Nombre converti
---- ----                                         ----- ---------
_________________________________________________________________


=================================================================
Récapitulatif des résultats
=================================================================
Type de fonction SolidWorks                Nombre
-----------------------                -----
Fonction(s) volumique(s)                       0
Fonction(s) surfacique(s)                     0
Fonction(s) de courbe/d'esquisse                0
--------------------------------------------
Heure de début: samedi, mars 28, 2015 16:18:21
Heure de fin: samedi, mars 28, 2015 16:18:26
Durée de traitement: 0 days, 00 hours, 00 mins, 05 secs
